// Jest Snapshot v1, https://goo.gl/fbAQLP

exports[`renders snapshot 1`] = `
{
  "asFragment": [Function],
  "baseElement": <body>
    <div>
      <nav>
        <a
          href="/home"
        >
          <img
            alt="Barry's Profile Logo"
            height="100"
            src="test-file-stub"
            width="110"
          />
        </a>
        <ul>
          <li>
            <a
              href="/home"
            >
              Home
            </a>
          </li>
          <li>
            <a
              href="/components"
            >
              Components
            </a>
          </li>
          <li>
            <a
              href="/styles"
            >
              Styles
            </a>
          </li>
          <li>
            <a
              href="types"
            >
              Types
            </a>
          </li>
        </ul>
      </nav>
    </div>
  </body>,
  "container": <div>
    <nav>
      <a
        href="/home"
      >
        <img
          alt="Barry's Profile Logo"
          height="100"
          src="test-file-stub"
          width="110"
        />
      </a>
      <ul>
        <li>
          <a
            href="/home"
          >
            Home
          </a>
        </li>
        <li>
          <a
            href="/components"
          >
            Components
          </a>
        </li>
        <li>
          <a
            href="/styles"
          >
            Styles
          </a>
        </li>
        <li>
          <a
            href="types"
          >
            Types
          </a>
        </li>
      </ul>
    </nav>
  </div>,
  "debug": [Function],
  "findAllByAltText": [Function],
  "findAllByDisplayValue": [Function],
  "findAllByLabelText": [Function],
  "findAllByPlaceholderText": [Function],
  "findAllByRole": [Function],
  "findAllByTestId": [Function],
  "findAllByText": [Function],
  "findAllByTitle": [Function],
  "findByAltText": [Function],
  "findByDisplayValue": [Function],
  "findByLabelText": [Function],
  "findByPlaceholderText": [Function],
  "findByRole": [Function],
  "findByTestId": [Function],
  "findByText": [Function],
  "findByTitle": [Function],
  "getAllByAltText": [Function],
  "getAllByDisplayValue": [Function],
  "getAllByLabelText": [Function],
  "getAllByPlaceholderText": [Function],
  "getAllByRole": [Function],
  "getAllByTestId": [Function],
  "getAllByText": [Function],
  "getAllByTitle": [Function],
  "getByAltText": [Function],
  "getByDisplayValue": [Function],
  "getByLabelText": [Function],
  "getByPlaceholderText": [Function],
  "getByRole": [Function],
  "getByTestId": [Function],
  "getByText": [Function],
  "getByTitle": [Function],
  "queryAllByAltText": [Function],
  "queryAllByDisplayValue": [Function],
  "queryAllByLabelText": [Function],
  "queryAllByPlaceholderText": [Function],
  "queryAllByRole": [Function],
  "queryAllByTestId": [Function],
  "queryAllByText": [Function],
  "queryAllByTitle": [Function],
  "queryByAltText": [Function],
  "queryByDisplayValue": [Function],
  "queryByLabelText": [Function],
  "queryByPlaceholderText": [Function],
  "queryByRole": [Function],
  "queryByTestId": [Function],
  "queryByText": [Function],
  "queryByTitle": [Function],
  "rerender": [Function],
  "unmount": [Function],
}
`;
